Last login: Fri Jul 15 14:54:31 on console
khouripa@localadmins-MacBook-Pro ~ % cd Documents/flask_pallet
khouripa@localadmins-MacBook-Pro flask_pallet % ls
__pycache__		server_1.py		testing_area
consoleoutput.txt	server_2.py		tests.py
data			server_3.py		uploads
db_functions.py		static			venv
server.py		templates
khouripa@localadmins-MacBook-Pro flask_pallet % git status
fatal: not a git repository (or any of the parent directories): .git
khouripa@localadmins-MacBook-Pro flask_pallet % git init -b main
error: unknown switch `b'
usage: git init [-q | --quiet] [--bare] [--template=<template-directory>] [--shared[=<permissions>]] [<directory>]

    --template <template-directory>
                          directory from which templates will be used
    --bare                create a bare repository
    --shared[=<permissions>]
                          specify that the git repository is to be shared amongst several users
    -q, --quiet           be quiet
    --separate-git-dir <gitdir>
                          separate git dir from working tree

khouripa@localadmins-MacBook-Pro flask_pallet % git init
Initialized empty Git repository in /Users/khouripa/Documents/flask_pallet/.git/
khouripa@localadmins-MacBook-Pro flask_pallet % touch .gitignore
khouripa@localadmins-MacBook-Pro flask_pallet % ls
__pycache__		server_1.py		testing_area
consoleoutput.txt	server_2.py		tests.py
data			server_3.py		uploads
db_functions.py		static			venv
server.py		templates
khouripa@localadmins-MacBook-Pro flask_pallet % cat .gitignore
khouripa@localadmins-MacBook-Pro flask_pallet % ls -lah
total 112
drwxr-xr-x  20 khouripa  SMC02\Domain Users   640B 15 Jul 17:21 .
drwx------@ 29 khouripa  SMC02\Domain Users   928B 15 Jul 17:17 ..
-rw-r--r--@  1 khouripa  SMC02\Domain Users   8.0K 15 Jul 17:22 .DS_Store
drwxr-xr-x   9 khouripa  SMC02\Domain Users   288B 15 Jul 17:19 .git
-rw-r--r--   1 khouripa  SMC02\Domain Users     0B 15 Jul 17:21 .gitignore
drwxr-xr-x   8 khouripa  SMC02\Domain Users   256B 15 Jul 15:50 .idea
drwxr-xr-x   4 khouripa  SMC02\Domain Users   128B 15 Jul 16:25 __pycache__
-rw-r--r--@  1 khouripa  SMC02\Domain Users   549B 15 Oct  2021 consoleoutput.txt
drwxr-xr-x   4 khouripa  SMC02\Domain Users   128B 15 Jul 17:01 data
-rw-r--r--   1 khouripa  SMC02\Domain Users   7.9K 15 Jul 16:25 db_functions.py
-rw-r--r--   1 khouripa  SMC02\Domain Users   6.6K 15 Jul 17:05 server.py
-rw-r--r--   1 khouripa  SMC02\Domain Users   3.4K 16 Oct  2021 server_1.py
-rw-r--r--   1 khouripa  SMC02\Domain Users   6.0K 17 Oct  2021 server_2.py
-rw-r--r--   1 khouripa  SMC02\Domain Users   5.2K 17 Oct  2021 server_3.py
drwxr-xr-x   5 khouripa  SMC02\Domain Users   160B 14 Jul 12:56 static
drwxr-xr-x  12 khouripa  SMC02\Domain Users   384B 15 Jul 16:41 templates
drwxr-xr-x   4 khouripa  SMC02\Domain Users   128B 15 Jul 15:46 testing_area
-rw-r--r--   1 khouripa  SMC02\Domain Users   1.0K 17 Oct  2021 tests.py
drwxr-xr-x  16 khouripa  SMC02\Domain Users   512B 14 Jul 12:24 uploads
drwxr-xr-x   7 khouripa  SMC02\Domain Users   224B 12 Jul 17:50 venv
khouripa@localadmins-MacBook-Pro flask_pallet % open .gitignore
khouripa@localadmins-MacBook-Pro flask_pallet % cat .gitignore
# Byte-compiled / optimized / DLL files
__pycache__/
*.py[cod]
*$py.class

# C extensions
*.so

# Distribution / packaging
.Python
build/
develop-eggs/
dist/
downloads/
eggs/
.eggs/
lib/
lib64/
parts/
sdist/
var/
wheels/
pip-wheel-metadata/
share/python-wheels/
*.egg-info/
.installed.cfg
*.egg
MANIFEST

# PyInstaller
#  Usually these files are written by a python script from a template
#  before PyInstaller builds the exe, so as to inject date/other infos into it.
*.manifest
*.spec

# Installer logs
pip-log.txt
pip-delete-this-directory.txt

# Unit test / coverage reports
htmlcov/
.tox/
.nox/
.coverage
.coverage.*
.cache
nosetests.xml
coverage.xml
*.cover
*.py,cover
.hypothesis/
.pytest_cache/

# Translations
*.mo
*.pot

# Django stuff:
*.log
local_settings.py
db.sqlite3
db.sqlite3-journal

# Flask stuff:
instance/
.webassets-cache

# Scrapy stuff:
.scrapy

# Sphinx documentation
docs/_build/

# PyBuilder
target/

# Jupyter Notebook
.ipynb_checkpoints

# IPython
profile_default/
ipython_config.py

# pyenv
.python-version

# pipenv
#   According to pypa/pipenv#598, it is recommended to include Pipfile.lock in version control.
#   However, in case of collaboration, if having platform-specific dependencies or dependencies
#   having no cross-platform support, pipenv may install dependencies that don't work, or not
#   install all needed dependencies.
#Pipfile.lock

# PEP 582; used by e.g. github.com/David-OConnor/pyflow
__pypackages__/

# Celery stuff
celerybeat-schedule
celerybeat.pid

# SageMath parsed files
*.sage.py

# Environments
.env
.venv
env/
venv/
ENV/
env.bak/
venv.bak/

# Spyder project settings
.spyderproject
.spyproject

# Rope project settings
.ropeproject

# mkdocs documentation
/site

# mypy
.mypy_cache/
.dmypy.json
dmypy.json

# Pyre type checker
.pyre/%                                                                                                    khouripa@localadmins-MacBook-Pro flask_pallet % **/.DS_Store
zsh: command not found: .DS_Store
khouripa@localadmins-MacBook-Pro flask_pallet % ls
__pycache__		server.py		static			uploads
consoleoutput.txt	server_1.py		templates		venv
data			server_2.py		testing_area
db_functions.py		server_3.py		tests.py
khouripa@localadmins-MacBook-Pro flask_pallet % git **/.DS_Store
git: '.DS_Store' is not a git command. See 'git --help'.
khouripa@localadmins-MacBook-Pro flask_pallet % git remote add https://github.com/paul-khouri/flaskpallet.git
usage: git remote add [<options>] <name> <url>

    -f, --fetch           fetch the remote branches
    --tags                import all tags and associated objects when fetching
                          or do not fetch any tag at all (--no-tags)
    -t, --track <branch>  branch(es) to track
    -m, --master <branch>
                          master branch
    --mirror[=(push|fetch)]
                          set up remote as a mirror to push to or fetch from

khouripa@localadmins-MacBook-Pro flask_pallet % git remote -v
khouripa@localadmins-MacBook-Pro flask_pallet % git remote
khouripa@localadmins-MacBook-Pro flask_pallet % ls
__pycache__		server.py		static			uploads
consoleoutput.txt	server_1.py		templates		venv
data			server_2.py		testing_area
db_functions.py		server_3.py		tests.py
khouripa@localadmins-MacBook-Pro flask_pallet % git remote add https://github.com/paul-khouri/flaskpallet.git
usage: git remote add [<options>] <name> <url>

    -f, --fetch           fetch the remote branches
    --tags                import all tags and associated objects when fetching
                          or do not fetch any tag at all (--no-tags)
    -t, --track <branch>  branch(es) to track
    -m, --master <branch>
                          master branch
    --mirror[=(push|fetch)]
                          set up remote as a mirror to push to or fetch from

khouripa@localadmins-MacBook-Pro flask_pallet % git remote add origin git remote add origin https://github.com/user/repo.git
usage: git remote add [<options>] <name> <url>

    -f, --fetch           fetch the remote branches
    --tags                import all tags and associated objects when fetching
                          or do not fetch any tag at all (--no-tags)
    -t, --track <branch>  branch(es) to track
    -m, --master <branch>
                          master branch
    --mirror[=(push|fetch)]
                          set up remote as a mirror to push to or fetch from

khouripa@localadmins-MacBook-Pro flask_pallet % git remote add origin https://github.com/paul-khouri/flaskpallet.git
khouripa@localadmins-MacBook-Pro flask_pallet % git remote -v
origin	https://github.com/paul-khouri/flaskpallet.git (fetch)
origin	https://github.com/paul-khouri/flaskpallet.git (push)
khouripa@localadmins-MacBook-Pro flask_pallet % git add . && commite -a -m "Startup commit"
zsh: command not found: commite
khouripa@localadmins-MacBook-Pro flask_pallet % git add . && commit -a -m "Startup commit" 
zsh: command not found: commit
khouripa@localadmins-MacBook-Pro flask_pallet % git add .
khouripa@localadmins-MacBook-Pro flask_pallet % git status
On branch master

No commits yet

Changes to be committed:
  (use "git rm --cached <file>..." to unstage)
	new file:   .DS_Store
	new file:   .gitignore
	new file:   .idea/.gitignore
	new file:   .idea/flask_pallet.iml
	new file:   .idea/inspectionProfiles/profiles_settings.xml
	new file:   .idea/misc.xml
	new file:   .idea/modules.xml
	new file:   consoleoutput.txt
	new file:   data/data.sqlite
	new file:   data/init.sql
	new file:   db_functions.py
	new file:   server.py
	new file:   server_1.py
	new file:   server_2.py
	new file:   server_3.py
	new file:   static/images/espresso.png
	new file:   static/styles.css
	new file:   static/uploadedimages/21d273ff12e45ef7054552ab2ed826b0419ef3b22cc22903db8db0a7d5d232f1.png
	new file:   static/uploadedimages/2b01f322d0fad8da9168cc5514decf412cc828f4e88f05cb5a7475bba637b316.png
	new file:   static/uploadedimages/3c500e425346677b8091ca9569ffa457696567dcdbe29134b2fa8efe18064f94.png
	new file:   static/uploadedimages/3ffddc0bf4a98cc1acdc7917830f14aff8ea7e430de228ca194cf5e3bd021153.png
	new file:   static/uploadedimages/5830a47d47b623e1f5d83be0dd62bf4c15c6a214cada4da34e12c3e0aff76408.png
	new file:   static/uploadedimages/ae62d5e52ec67cb87ad3e5a390ed397cd74045a919b11ecab87fcc6161df1f7f.png
	new file:   static/uploadedimages/aeafc5f10901e7ab410c45d365b86af0d21606f3881f2f4b55b60dffbc3e754d.png
	new file:   static/uploadedimages/espresso_upload.png
	new file:   static/uploadedimages/f3af311cf67ad5f17fb0be3d7d0eb6b71c117ea6edf4a0969b23be2f7a371672.png
	new file:   templates/details.html
	new file:   templates/editpost.html
	new file:   templates/index.html
	new file:   templates/installer.html
	new file:   templates/layout.html
	new file:   templates/layout_2.html
	new file:   templates/log-in.html
	new file:   templates/table-data.html
	new file:   templates/upload.html
	new file:   templates/viewposts.html
	new file:   testing_area/formexample.html
	new file:   testing_area/tests.py
	new file:   tests.py
	new file:   uploads/0a3c383464b5f618dad04efedee76331cc20da80083d05daf8b8c1379ffe40e7.png
	new file:   uploads/1b257746f768ffec09d2004823c6f402dcd046b21bcbd08fcc27e2c0fa143d90.png
	new file:   uploads/1e4f87594885dcb34c690643b22ca88c40cc6d5705777f7ff3137713d1848b75.png
	new file:   uploads/2f24e8675fbf476180b1ca608c8cbcb7670cfb55e8d4cc663c33d06376a1e459.png
	new file:   uploads/3383c99f712ae8d6006583627ab66fde743b5c6c5f7c4fce738d4c17ee38994a.png
	new file:   uploads/4296a2677cee637cfe3e70148b1249e051d14abfdbb4f5373591bc35e5624f7b.png
	new file:   uploads/875b08c3b94501d86b5890f77f39e6324878907d8403a553c5aa07038c83cf29.png
	new file:   uploads/925c04f323f8597c756ff20cfc751e34b72bc0659f5aa128a15582a6f9edfad7.png
	new file:   uploads/9f6829d1f7b0621436b5a83e0ae42e85da49650982ce01a28d97db094e65e2af.png
	new file:   uploads/dd1c48e63a543c21f73f77057d1bbc7957a39b1781744ba79727ef008d190633.pdf
	new file:   uploads/df7eb94844b8590cd74665c875adc38f8cf3581dcb65a4df0dc6575fbcb9a5c2.jpg
	new file:   uploads/e3a06b1eb63f30965662e75131b8776fbb1e6cc433bcec292b131893a4d6e25e.jpg
	new file:   uploads/e5f08e6da4ae2b4ef9a1453d5cd9bcca9c7351e62e3fab783bf6e0609c99d3ae.png
	new file:   uploads/test.pdf

khouripa@localadmins-MacBook-Pro flask_pallet % git commit -a -m "Start up"
[master (root-commit) d9e8702] Start up
 53 files changed, 1786 insertions(+)
 create mode 100644 .DS_Store
 create mode 100644 .gitignore
 create mode 100644 .idea/.gitignore
 create mode 100644 .idea/flask_pallet.iml
 create mode 100644 .idea/inspectionProfiles/profiles_settings.xml
 create mode 100644 .idea/misc.xml
 create mode 100644 .idea/modules.xml
 create mode 100644 consoleoutput.txt
 create mode 100644 data/data.sqlite
 create mode 100644 data/init.sql
 create mode 100644 db_functions.py
 create mode 100644 server.py
 create mode 100644 server_1.py
 create mode 100644 server_2.py
 create mode 100644 server_3.py
 create mode 100644 static/images/espresso.png
 create mode 100644 static/styles.css
 create mode 100644 static/uploadedimages/21d273ff12e45ef7054552ab2ed826b0419ef3b22cc22903db8db0a7d5d232f1.png
 create mode 100644 static/uploadedimages/2b01f322d0fad8da9168cc5514decf412cc828f4e88f05cb5a7475bba637b316.png
 create mode 100644 static/uploadedimages/3c500e425346677b8091ca9569ffa457696567dcdbe29134b2fa8efe18064f94.png
 create mode 100644 static/uploadedimages/3ffddc0bf4a98cc1acdc7917830f14aff8ea7e430de228ca194cf5e3bd021153.png
 create mode 100644 static/uploadedimages/5830a47d47b623e1f5d83be0dd62bf4c15c6a214cada4da34e12c3e0aff76408.png
 create mode 100644 static/uploadedimages/ae62d5e52ec67cb87ad3e5a390ed397cd74045a919b11ecab87fcc6161df1f7f.png
 create mode 100644 static/uploadedimages/aeafc5f10901e7ab410c45d365b86af0d21606f3881f2f4b55b60dffbc3e754d.png
 create mode 100644 static/uploadedimages/espresso_upload.png
 create mode 100644 static/uploadedimages/f3af311cf67ad5f17fb0be3d7d0eb6b71c117ea6edf4a0969b23be2f7a371672.png
 create mode 100644 templates/details.html
 create mode 100644 templates/editpost.html
 create mode 100644 templates/index.html
 create mode 100644 templates/installer.html
 create mode 100644 templates/layout.html
 create mode 100644 templates/layout_2.html
 create mode 100644 templates/log-in.html
 create mode 100644 templates/table-data.html
 create mode 100644 templates/upload.html
 create mode 100644 templates/viewposts.html
 create mode 100644 testing_area/formexample.html
 create mode 100644 testing_area/tests.py
 create mode 100644 tests.py
 create mode 100644 uploads/0a3c383464b5f618dad04efedee76331cc20da80083d05daf8b8c1379ffe40e7.png
 create mode 100644 uploads/1b257746f768ffec09d2004823c6f402dcd046b21bcbd08fcc27e2c0fa143d90.png
 create mode 100644 uploads/1e4f87594885dcb34c690643b22ca88c40cc6d5705777f7ff3137713d1848b75.png
 create mode 100644 uploads/2f24e8675fbf476180b1ca608c8cbcb7670cfb55e8d4cc663c33d06376a1e459.png
 create mode 100644 uploads/3383c99f712ae8d6006583627ab66fde743b5c6c5f7c4fce738d4c17ee38994a.png
 create mode 100644 uploads/4296a2677cee637cfe3e70148b1249e051d14abfdbb4f5373591bc35e5624f7b.png
 create mode 100644 uploads/875b08c3b94501d86b5890f77f39e6324878907d8403a553c5aa07038c83cf29.png
 create mode 100644 uploads/925c04f323f8597c756ff20cfc751e34b72bc0659f5aa128a15582a6f9edfad7.png
 create mode 100644 uploads/9f6829d1f7b0621436b5a83e0ae42e85da49650982ce01a28d97db094e65e2af.png
 create mode 100644 uploads/dd1c48e63a543c21f73f77057d1bbc7957a39b1781744ba79727ef008d190633.pdf
 create mode 100644 uploads/df7eb94844b8590cd74665c875adc38f8cf3581dcb65a4df0dc6575fbcb9a5c2.jpg
 create mode 100644 uploads/e3a06b1eb63f30965662e75131b8776fbb1e6cc433bcec292b131893a4d6e25e.jpg
 create mode 100644 uploads/e5f08e6da4ae2b4ef9a1453d5cd9bcca9c7351e62e3fab783bf6e0609c99d3ae.png
 create mode 100644 uploads/test.pdf
khouripa@localadmins-MacBook-Pro flask_pallet % git status
On branch master
nothing to commit, working tree clean
khouripa@localadmins-MacBook-Pro flask_pallet % git push origin main
error: src refspec main does not match any
error: failed to push some refs to 'https://github.com/paul-khouri/flaskpallet.git'
khouripa@localadmins-MacBook-Pro flask_pallet % git remote -v
origin	https://github.com/paul-khouri/flaskpallet.git (fetch)
origin	https://github.com/paul-khouri/flaskpallet.git (push)
khouripa@localadmins-MacBook-Pro flask_pallet % git status
On branch master
nothing to commit, working tree clean
khouripa@localadmins-MacBook-Pro flask_pallet % git push origin
fatal: The current branch master has no upstream branch.
To push the current branch and set the remote as upstream, use

    git push --set-upstream origin master

khouripa@localadmins-MacBook-Pro flask_pallet % git push --set-upstream origin master
Enumerating objects: 50, done.
Counting objects: 100% (50/50), done.
Delta compression using up to 16 threads
Compressing objects: 100% (47/47), done.
Writing objects: 100% (50/50), 13.39 MiB | 1.46 MiB/s, done.
Total 50 (delta 6), reused 0 (delta 0)
remote: Resolving deltas: 100% (6/6), done.
remote: 
remote: Create a pull request for 'master' on GitHub by visiting:
remote:      https://github.com/paul-khouri/flaskpallet/pull/new/master
remote: 
To https://github.com/paul-khouri/flaskpallet.git
 * [new branch]      master -> master
Branch 'master' set up to track remote branch 'master' from 'origin'.
khouripa@localadmins-MacBook-Pro flask_pallet % git push origin main
error: src refspec main does not match any
error: failed to push some refs to 'https://github.com/paul-khouri/flaskpallet.git'
khouripa@localadmins-MacBook-Pro flask_pallet % git push --set-upstream origin main
error: src refspec main does not match any
error: failed to push some refs to 'https://github.com/paul-khouri/flaskpallet.git'
khouripa@localadmins-MacBook-Pro flask_pallet % git status
On branch master
Your branch is up to date with 'origin/master'.

nothing to commit, working tree clean
khouripa@localadmins-MacBook-Pro flask_pallet % git-branch
zsh: command not found: git-branch
khouripa@localadmins-MacBook-Pro flask_pallet % git rev-parse --abbrev-ref HEAD
master
khouripa@localadmins-MacBook-Pro flask_pallet % git status
On branch master
Your branch is up to date with 'origin/master'.

nothing to commit, working tree clean
khouripa@localadmins-MacBook-Pro flask_pallet % ls
__pycache__		db_functions.py		server_2.py		templates		uploads
consoleoutput.txt	server.py		server_3.py		testing_area		venv
data			server_1.py		static			tests.py
khouripa@localadmins-MacBook-Pro flask_pallet % touch README.md
khouripa@localadmins-MacBook-Pro flask_pallet % ls
README.md		data			server_1.py		static			tests.py
__pycache__		db_functions.py		server_2.py		templates		uploads
consoleoutput.txt	server.py		server_3.py		testing_area		venv
khouripa@localadmins-MacBook-Pro flask_pallet % open README.md
khouripa@localadmins-MacBook-Pro flask_pallet % cat README.md
Exploring a Flask based database bolog app%                                                                                           khouripa@localadmins-MacBook-Pro flask_pallet % git status
On branch master
Your branch is up to date with 'origin/master'.

Untracked files:
  (use "git add <file>..." to include in what will be committed)
	.idea/vcs.xml
	README.md

nothing added to commit but untracked files present (use "git add" to track)
khouripa@localadmins-MacBook-Pro flask_pallet % git add .
khouripa@localadmins-MacBook-Pro flask_pallet % git status
On branch master
Your branch is up to date with 'origin/master'.

Changes to be committed:
  (use "git restore --staged <file>..." to unstage)
	new file:   .idea/vcs.xml
	new file:   README.md

khouripa@localadmins-MacBook-Pro flask_pallet % git push origin master
Everything up-to-date
khouripa@localadmins-MacBook-Pro flask_pallet % git commit -a -m "adding README"
[master 4e458f9] adding README
 2 files changed, 7 insertions(+)
 create mode 100644 .idea/vcs.xml
 create mode 100644 README.md
khouripa@localadmins-MacBook-Pro flask_pallet % git status
On branch master
Your branch is ahead of 'origin/master' by 1 commit.
  (use "git push" to publish your local commits)

nothing to commit, working tree clean
khouripa@localadmins-MacBook-Pro flask_pallet % git push origin master
Enumerating objects: 7, done.
Counting objects: 100% (7/7), done.
Delta compression using up to 16 threads
Compressing objects: 100% (4/4), done.
Writing objects: 100% (5/5), 568 bytes | 568.00 KiB/s, done.
Total 5 (delta 2), reused 0 (delta 0)
remote: Resolving deltas: 100% (2/2), completed with 2 local objects.
To https://github.com/paul-khouri/flaskpallet.git
   d9e8702..4e458f9  master -> master
khouripa@localadmins-MacBook-Pro flask_pallet % 
